d:\semester 8\iteration4\nethersgategui\nethersgategui\x64\debug\vc143.pdb
d:\semester 8\iteration4\nethersgategui\nethersgategui\x64\debug\vc143.idb
d:\semester 8\iteration4\nethersgategui\nethersgategui\x64\debug\qrc_nethersgategui.obj
d:\semester 8\iteration4\nethersgategui\nethersgategui\x64\debug\nethersgategui.obj
d:\semester 8\iteration4\nethersgategui\nethersgategui\x64\debug\main.obj
d:\semester 8\iteration4\nethersgategui\nethersgategui\x64\debug\moc_nethersgategui.obj
d:\semester 8\iteration4\nethersgategui\x64\debug\nethersgategui.exe
d:\semester 8\iteration4\nethersgategui\x64\debug\nethersgategui.pdb
d:\semester 8\iteration4\nethersgategui\nethersgategui\x64\debug\qt\moc\moc_nethersgategui.cpp
d:\semester 8\iteration4\nethersgategui\nethersgategui\x64\debug\qt\uic\ui_nethersgategui.h
d:\semester 8\iteration4\nethersgategui\nethersgategui\x64\debug\qt\rcc\qrc_nethersgategui.cpp
d:\semester 8\iteration4\nethersgategui\nethersgategui\x64\debug\nethersgategui.ilk
d:\semester 8\iteration4\nethersgategui\nethersgategui\x64\debug\nethersgategui.tlog\cl.command.1.tlog
d:\semester 8\iteration4\nethersgategui\nethersgategui\x64\debug\nethersgategui.tlog\cl.items.tlog
d:\semester 8\iteration4\nethersgategui\nethersgategui\x64\debug\nethersgategui.tlog\cl.read.1.tlog
d:\semester 8\iteration4\nethersgategui\nethersgategui\x64\debug\nethersgategui.tlog\cl.write.1.tlog
d:\semester 8\iteration4\nethersgategui\nethersgategui\x64\debug\nethersgategui.tlog\link.command.1.tlog
d:\semester 8\iteration4\nethersgategui\nethersgategui\x64\debug\nethersgategui.tlog\link.read.1.tlog
d:\semester 8\iteration4\nethersgategui\nethersgategui\x64\debug\nethersgategui.tlog\link.secondary.1.tlog
d:\semester 8\iteration4\nethersgategui\nethersgategui\x64\debug\nethersgategui.tlog\link.write.1.tlog
d:\semester 8\iteration4\nethersgategui\nethersgategui\x64\debug\nethersgategui.tlog\moc.read.1u.tlog
d:\semester 8\iteration4\nethersgategui\nethersgategui\x64\debug\nethersgategui.tlog\moc.write.1u.tlog
d:\semester 8\iteration4\nethersgategui\nethersgategui\x64\debug\nethersgategui.tlog\nethersgategui.write.1u.tlog
d:\semester 8\iteration4\nethersgategui\nethersgategui\x64\debug\nethersgategui.tlog\rcc.read.1u.tlog
d:\semester 8\iteration4\nethersgategui\nethersgategui\x64\debug\nethersgategui.tlog\rcc.write.1u.tlog
d:\semester 8\iteration4\nethersgategui\nethersgategui\x64\debug\nethersgategui.tlog\uic.read.1u.tlog
d:\semester 8\iteration4\nethersgategui\nethersgategui\x64\debug\nethersgategui.tlog\uic.write.1u.tlog
